{"ip":"::1","level":"info","message":"Rate limit exceeded","path":"/api/hr/staff?limit=1","timestamp":"2026-09-09T11:35:37.381Z"}
{"ip":"::1","level":"info","message":"Rate limit exceeded","path":"/api/hr/students?limit=1","timestamp":"2026-09-09T11:35:37.386Z"}
{"ip":"::1","level":"info","message":"Rate limit exceeded","path":"/api/hr/staff?limit=1","timestamp":"2026-09-09T11:35:37.393Z"}
{"ip":"::1","level":"info","message":"Rate limit exceeded","path":"/api/hr/students?limit=1","timestamp":"2026-09-09T11:35:37.399Z"}
{"ip":"::1","level":"info","message":"Rate limit exceeded","path":"/api/hr/teachers?limit=1","timestamp":"2026-09-09T11:35:37.406Z"}
{"ip":"::1","level":"info","message":"Rate limit exceeded","path":"/api/complaints/mine","timestamp":"2026-09-09T11:35:42.378Z"}
{"ip":"::1","level":"info","message":"Rate limit exceeded","path":"/api/complaints/mine","timestamp":"2026-09-09T11:35:42.384Z"}
{"ip":"::1","level":"info","message":"Rate limit exceeded","path":"/api/hr/teachers?page=1&limit=15","timestamp":"2026-09-09T11:35:44.222Z"}
{"ip":"::1","level":"info","message":"Rate limit exceeded","path":"/api/hr/teachers?page=1&limit=15","timestamp":"2026-09-09T11:35:44.227Z"}
{"ip":"::1","level":"info","message":"Rate limit exceeded","path":"/api/auth/login","timestamp":"2026-09-09T11:36:06.763Z"}
{"ip":"::1","level":"info","message":"Rate limit exceeded","path":"/api/auth/login","timestamp":"2026-09-09T11:45:05.346Z"}
{"ip":"::1","level":"info","message":"Rate limit exceeded","path":"/api/auth/me","timestamp":"2026-09-09T11:45:46.425Z"}
{"ip":"::1","level":"info","message":"Rate limit exceeded","path":"/api/auth/me","timestamp":"2026-09-09T11:45:46.430Z"}
{"ip":"::1","level":"info","message":"Rate limit exceeded","path":"/api/hr/staff?page=1&limit=15","timestamp":"2026-09-12T14:59:37.548Z"}
{"ip":"::1","level":"info","message":"Rate limit exceeded","path":"/api/hr/staff?page=1&limit=15","timestamp":"2026-09-12T14:59:37.553Z"}
{"ip":"::1","level":"info","message":"Rate limit exceeded","path":"/api/auth/login","timestamp":"2026-09-12T15:00:01.435Z"}
{"ip":"::1","level":"info","message":"Rate limit exceeded","path":"/api/auth/me","timestamp":"2026-09-12T15:05:01.818Z"}
{"ip":"::1","level":"info","message":"Rate limit exceeded","path":"/api/auth/me","timestamp":"2026-09-12T15:05:01.824Z"}
{"ip":"::1","level":"info","message":"Rate limit exceeded","path":"/api/auth/login","timestamp":"2026-09-12T15:06:07.752Z"}
{"ip":"::1","level":"info","message":"Rate limit exceeded","path":"/api/developer/system/stats","timestamp":"2026-09-12T15:22:40.195Z"}
{"ip":"::1","level":"info","message":"Rate limit exceeded","path":"/api/auth/logout","timestamp":"2026-09-12T15:25:30.859Z"}
{"ip":"::1","level":"info","message":"Rate limit exceeded","path":"/api/auth/login","timestamp":"2026-09-12T15:26:29.069Z"}
{"ip":"::1","level":"info","message":"Rate limit exceeded","path":"/api/auth/login","timestamp":"2026-09-12T15:32:51.792Z"}
{"ip":"::1","level":"info","message":"Rate limit exceeded","path":"/api/results?limit=30","timestamp":"2026-09-13T12:45:49.931Z"}
{"ip":"::1","level":"info","message":"Rate limit exceeded","path":"/api/teacher/profile","timestamp":"2026-09-13T12:45:49.932Z"}
{"ip":"::1","level":"info","message":"Rate limit exceeded","path":"/api/assignments/teacher/6aa571b014a0374351dcc2b5/students","timestamp":"2026-09-13T12:45:49.934Z"}
{"ip":"::1","level":"info","message":"Rate limit exceeded","path":"/api/teacher/students?page=1&limit=15","timestamp":"2026-09-13T12:45:51.658Z"}
{"ip":"::1","level":"info","message":"Rate limit exceeded","path":"/api/teacher/students?page=1&limit=15","timestamp":"2026-09-13T12:45:51.662Z"}
